// Jest Snapshot v1, https://goo.gl/fbAQLP

exports[`<FieldLineAddon /> custom content render should render correctly 1`] = `
<InputGroupAddon
  addonType="append"
  tag="div"
>
  <div
    id="mock-content"
  />
</InputGroupAddon>
`;

exports[`<FieldLineAddon /> text content render should render correctly 1`] = `
<InputGroupAddon
  addonType="prepend"
  tag="div"
>
  <InputGroupText
    tag="span"
  >
    <FormText
      text="mock-string"
    />
  </InputGroupText>
</InputGroupAddon>
`;
