// Jest Snapshot v1, https://goo.gl/fbAQLP

exports[`<InfoAlert /> info present should render correctly 1`] = `
<Alert
  className="mt-2"
  closeAriaLabel="Close"
  color="success"
  fade={true}
  isOpen={true}
  tag="div"
  toggle={[MockFunction]}
  transition={
    Object {
      "appear": true,
      "baseClass": "fade",
      "baseClassActive": "show",
      "enter": true,
      "exit": true,
      "in": true,
      "mountOnEnter": false,
      "onEnter": [Function],
      "onEntered": [Function],
      "onEntering": [Function],
      "onExit": [Function],
      "onExited": [Function],
      "onExiting": [Function],
      "tag": "div",
      "timeout": 150,
      "unmountOnExit": true,
    }
  }
>
  <FormText
    text="mock-info"
  />
</Alert>
`;
